.\gradlew.bat : 'D' is not recognized as an internal or external command,
At line:1 char:1
+ .\gradlew.bat assembleDebug 2>&1 | Tee-Object -FilePath build-output. ...
+ ~~~~~~~~~~~~~~~~~~~~~~~~~~~~~~~~
    + CategoryInfo          : NotSpecified: ('D' is not reco...ternal comm 
   and,:String) [], RemoteException
    + FullyQualifiedErrorId : NativeCommandError
 
operable program or batch file.
Error: Unable to access jarfile 
C:\2026proj\R\gradle\wrapper\gradle-wrapper.jar
